endTime,artistName,trackName,msPlayed
2020-01-01 00:00,Dr. Dre,Still D.R.E.,10000
